src/application/accounting/use-cases/SaveJournalEntryUseCase.ts(95,21): error TS2554: Expected 16-23 arguments, but got 15.
src/application/accounting/use-cases/SaveOpeningBalanceUseCase.ts(95,21): error TS2554: Expected 16-23 arguments, but got 15.
src/application/accounting/use-cases/SavePaymentVoucherUseCase.ts(140,21): error TS2554: Expected 16-23 arguments, but got 15.
src/application/accounting/use-cases/SaveReceiptVoucherUseCase.ts(90,21): error TS2554: Expected 16-23 arguments, but got 15.
