src/api/controllers/purchases/PurchaseController.ts(171,23): error TS2554: Expected 5 arguments, but got 3.
src/api/controllers/purchases/PurchaseController.ts(195,23): error TS2554: Expected 3 arguments, but got 1.
src/api/controllers/purchases/PurchaseController.ts(212,23): error TS2554: Expected 4 arguments, but got 2.
