
> erp-enhanced-backend@1.0.0 test
> jest --runInBand

node.exe : FAIL src/tests/application/ai-assistant/AiAssistantNewFeatures.test.ts (6.981 s)
At line:1 char:1
+ & "C:\Program Files\nodejs/node.exe" "C:\Program Files\nodejs/node_mo ...
+ ~~~~~~~~~~~~~~~~~~~~~~~~~~~~~~~~~~~~~~~~~~~~~~~~~~~~~~~~~~~~~~~~~~~~~
    + CategoryInfo          : NotSpecified: (FAIL src/tests/...st.ts (6.981 s):String) [], RemoteException
    + FullyQualifiedErrorId : NativeCommandError
 
  ● CheckProviderHealthUseCase › should return READY for mock provider

    expect(received).toBe(expected) // Object.is equality

    Expected: true
    Received: false

    [0m [90m 179 |[39m     [36mconst[39m result [33m=[39m [36mawait[39m 
useCase[33m.[39mexecute([32m'company-1'[39m)[33m;[39m
     [90m 180 |[39m
    [31m[1m>[22m[39m[90m 181 |[39m     expect(result[33m.[39mready)[33m.[39mtoBe([36mtrue[39m)[33m;[39m
     [90m     |[39m                          [31m[1m^[22m[39m
     [90m 182 |[39m     expect(result[33m.[39mnetworkOk)[33m.[39mtoBe([36mtrue[39m)[33m;[39m
     [90m 183 |[39m     expect(result[33m.[39minferenceOk)[33m.[39mtoBe([36mtrue[39m)[33m;[39m
     [90m 184 |[39m     expect(result[33m.[39mprovider)[33m.[39mtoBe([32m'mock'[39m)[33m;[39m[0m

      at Object.<anonymous> (src/tests/application/ai-assistant/AiAssistantNewFeatures.test.ts:181:26)

  ● CheckProviderHealthUseCase › should return READY for default config when no config exists

    expect(received).toBe(expected) // Object.is equality

    Expected: true
    Received: false

    [0m [90m 211 |[39m
     [90m 212 |[39m     [90m// Default is mock provider which is always available[39m
    [31m[1m>[22m[39m[90m 213 |[39m     expect(result[33m.[39mready)[33m.[39mtoBe([36mtrue[39m)[33m;[39m
     [90m     |[39m                          [31m[1m^[22m[39m
     [90m 214 |[39m     expect(result[33m.[39mnetworkOk)[33m.[39mtoBe([36mtrue[39m)[33m;[39m
     [90m 215 |[39m     expect(result[33m.[39minferenceOk)[33m.[39mtoBe([36mtrue[39m)[33m;[39m
     [90m 216 |[39m   })[33m;[39m[0m

      at Object.<anonymous> (src/tests/application/ai-assistant/AiAssistantNewFeatures.test.ts:213:26)

FAIL src/tests/application/ai-assistant/AiToolCalling.test.ts
  ● CheckProviderHealthUseCase - Cooldown › should enforce cooldown between health checks

    expect(received).toBe(expected) // Object.is equality

    Expected: true
    Received: false

    [0m [90m 231 |[39m     [90m// First check should succeed[39m
     [90m 232 |[39m     [36mconst[39m result1 [33m=[39m [36mawait[39m 
useCase[33m.[39mexecute([32m'cooldown-test'[39m)[33m;[39m
    [31m[1m>[22m[39m[90m 233 |[39m     expect(result1[33m.[39mready)[33m.[39mtoBe([36mtrue[39m)[33m;[39m
     [90m     |[39m                           [31m[1m^[22m[39m
     [90m 234 |[39m
     [90m 235 |[39m     [90m// Second check immediately should be rate-limited[39m
     [90m 236 |[39m     [36mtry[39m {[0m

      at Object.<anonymous> (src/tests/application/ai-assistant/AiToolCalling.test.ts:233:27)

  ● CheckProviderHealthUseCase - Cooldown › should allow health check for different companies

    expect(received).toBe(expected) // Object.is equality

    Expected: true
    Received: false

    [0m [90m 263 |[39m
     [90m 264 |[39m     [36mconst[39m result1 [33m=[39m [36mawait[39m 
useCase[33m.[39mexecute([32m'company-a'[39m)[33m;[39m
    [31m[1m>[22m[39m[90m 265 |[39m     expect(result1[33m.[39mready)[33m.[39mtoBe([36mtrue[39m)[33m;[39m
     [90m     |[39m                           [31m[1m^[22m[39m
     [90m 266 |[39m
     [90m 267 |[39m     [36mconst[39m result2 [33m=[39m [36mawait[39m 
useCase[33m.[39mexecute([32m'company-b'[39m)[33m;[39m
     [90m 268 |[39m     expect(result2[33m.[39mready)[33m.[39mtoBe([36mtrue[39m)[33m;[39m[0m

      at Object.<anonymous> (src/tests/application/ai-assistant/AiToolCalling.test.ts:265:27)

FAIL src/tests/application/inventory/ConfigureInventoryFinancialIntegrationUseCase.test.ts
  ● ConfigureInventoryFinancialIntegrationUseCase › requires perpetual-mode default accounts

    expect(received).rejects.toThrow(expected)

    Expected substring: "Default Inventory Asset Account is required"
    Received message:   "this.stockMovementRepo.hasAnyMovements is not a function"

        [0m [90m 34 |[39m
         [90m 35 |[39m     [36mif[39m (settings[33m.[39maccountingMode [33m&&[39m 
settings[33m.[39maccountingMode [33m!==[39m input[33m.[39maccountingMode) {
        [31m[1m>[22m[39m[90m 36 |[39m       [36mconst[39m hasMovements [33m=[39m [36mawait[39m 
[36mthis[39m[33m.[39mstockMovementRepo[33m.[39mhasAnyMovements(input[33m.[39mcompanyId)[33m;[39m
         [90m    |[39m                                                         [31m[1m^[22m[39m
         [90m 37 |[39m       [36mif[39m (hasMovements) {
         [90m 38 |[39m         [36mthrow[39m [36mnew[39m [33mError[39m([32m'Cannot change inventory 
accounting mode after stock movements have been recorded. A migration or cutover is required.'[39m)[33m;[39m
         [90m 39 |[39m       }[0m

      at ConfigureInventoryFinancialIntegrationUseCase.execute 
(src/application/inventory/use-cases/ConfigureInventoryFinancialIntegrationUseCase.ts:36:57)
      at Object.<anonymous> 
(src/tests/application/inventory/ConfigureInventoryFinancialIntegrationUseCase.test.ts:77:5)
      at Object.toThrow (node_modules/expect/build/index.js:2155:20)
      at Object.<anonymous> 
(src/tests/application/inventory/ConfigureInventoryFinancialIntegrationUseCase.test.ts:83:15)

  ● ConfigureInventoryFinancialIntegrationUseCase › rejects invalid perpetual inventory accounts

    expect(received).rejects.toThrow(expected)

    Expected substring: "Invalid Inventory Asset Account"
    Received message:   "this.stockMovementRepo.hasAnyMovements is not a function"

        [0m [90m 34 |[39m
         [90m 35 |[39m     [36mif[39m (settings[33m.[39maccountingMode [33m&&[39m 
settings[33m.[39maccountingMode [33m!==[39m input[33m.[39maccountingMode) {
        [31m[1m>[22m[39m[90m 36 |[39m       [36mconst[39m hasMovements [33m=[39m [36mawait[39m 
[36mthis[39m[33m.[39mstockMovementRepo[33m.[39mhasAnyMovements(input[33m.[39mcompanyId)[33m;[39m
         [90m    |[39m                                                         [31m[1m^[22m[39m
         [90m 37 |[39m       [36mif[39m (hasMovements) {
         [90m 38 |[39m         [36mthrow[39m [36mnew[39m [33mError[39m([32m'Cannot change inventory 
accounting mode after stock movements have been recorded. A migration or cutover is required.'[39m)[33m;[39m
         [90m 39 |[39m       }[0m

      at ConfigureInventoryFinancialIntegrationUseCase.execute 
(src/application/inventory/use-cases/ConfigureInventoryFinancialIntegrationUseCase.ts:36:57)
      at Object.<anonymous> 
(src/tests/application/inventory/ConfigureInventoryFinancialIntegrationUseCase.test.ts:104:5)
      at Object.toThrow (node_modules/expect/build/index.js:2155:20)
      at Object.<anonymous> 
(src/tests/application/inventory/ConfigureInventoryFinancialIntegrationUseCase.test.ts:112:15)

  ● ConfigureInventoryFinancialIntegrationUseCase › saves a perpetual configuration after validating both accounts

    TypeError: this.stockMovementRepo.hasAnyMovements is not a function

    [0m [90m 34 |[39m
     [90m 35 |[39m     [36mif[39m (settings[33m.[39maccountingMode [33m&&[39m 
settings[33m.[39maccountingMode [33m!==[39m input[33m.[39maccountingMode) {
    [31m[1m>[22m[39m[90m 36 |[39m       [36mconst[39m hasMovements [33m=[39m [36mawait[39m 
[36mthis[39m[33m.[39mstockMovementRepo[33m.[39mhasAnyMovements(input[33m.[39mcompanyId)[33m;[39m
     [90m    |[39m                                                         [31m[1m^[22m[39m
     [90m 37 |[39m       [36mif[39m (hasMovements) {
     [90m 38 |[39m         [36mthrow[39m [36mnew[39m [33mError[39m([32m'Cannot change inventory accounting 
mode after stock movements have been recorded. A migration or cutover is required.'[39m)[33m;[39m
     [90m 39 |[39m       }[0m

      at ConfigureInventoryFinancialIntegrationUseCase.execute 
(src/application/inventory/use-cases/ConfigureInventoryFinancialIntegrationUseCase.ts:36:57)
      at Object.<anonymous> 
(src/tests/application/inventory/ConfigureInventoryFinancialIntegrationUseCase.test.ts:140:5)

  ● ConfigureInventoryFinancialIntegrationUseCase › saves invoice-driven configuration without looking up accounts

    TypeError: this.stockMovementRepo.hasAnyMovements is not a function

    [0m [90m 34 |[39m
     [90m 35 |[39m     [36mif[39m (settings[33m.[39maccountingMode [33m&&[39m 
settings[33m.[39maccountingMode [33m!==[39m input[33m.[39maccountingMode) {
    [31m[1m>[22m[39m[90m 36 |[39m       [36mconst[39m hasMovements [33m=[39m [36mawait[39m 
[36mthis[39m[33m.[39mstockMovementRepo[33m.[39mhasAnyMovements(input[33m.[39mcompanyId)[33m;[39m
     [90m    |[39m                                                         [31m[1m^[22m[39m
     [90m 37 |[39m       [36mif[39m (hasMovements) {
     [90m 38 |[39m         [36mthrow[39m [36mnew[39m [33mError[39m([32m'Cannot change inventory accounting 
mode after stock movements have been recorded. A migration or cutover is required.'[39m)[33m;[39m
     [90m 39 |[39m       }[0m

      at ConfigureInventoryFinancialIntegrationUseCase.execute 
(src/application/inventory/use-cases/ConfigureInventoryFinancialIntegrationUseCase.ts:36:57)
      at Object.<anonymous> 
(src/tests/application/inventory/ConfigureInventoryFinancialIntegrationUseCase.test.ts:176:5)

  ● ConfigureInventoryFinancialIntegrationUseCase › returns a historical summary with earliest movement date when data 
exists

    expect(received).resolves.toEqual()

    Received promise rejected instead of resolved
    Rejected to value: [TypeError: this.stockMovementRepo.hasAnyMovements is not a function]

    [0m [90m 201 |[39m     )[33m;[39m
     [90m 202 |[39m
    [31m[1m>[22m[39m[90m 203 |[39m     [36mawait[39m 
expect(useCase[33m.[39mgetHistoricalSummary([33mCOMPANY_ID[39m))[33m.[39mresolves[33m.[39mtoEqual({
     [90m     |[39m                 [31m[1m^[22m[39m
     [90m 204 |[39m       hasHistoricalData[33m:[39m [36mtrue[39m[33m,[39m
     [90m 205 |[39m       movementCount[33m:[39m [35m1[39m[33m,[39m
     [90m 206 |[39m       earliestDate[33m:[39m [32m'2025-12-31'[39m[33m,[39m[0m

      at expect (node_modules/expect/build/index.js:2116:15)
      at Object.<anonymous> 
(src/tests/application/inventory/ConfigureInventoryFinancialIntegrationUseCase.test.ts:203:17)

FAIL src/tests/architecture/AccountingBoundary.test.ts
  ● Architecture guard: accounting boundary › purchases/sales/inventory use-cases do not directly depend on 
voucher/ledger repositories

    expect(received).toEqual(expected) // deep equality

    - Expected  -  1
    + Received  + 14

    - Array []
    + Array [
    +   "application\\purchases\\use-cases\\PaymentSyncUseCases.ts: Direct IVoucherRepository dependency",
    +   "application\\purchases\\use-cases\\PaymentSyncUseCases.ts: Direct ILedgerRepository dependency",
    +   "application\\purchases\\use-cases\\PaymentSyncUseCases.ts: Direct voucherRepo usage",
    +   "application\\purchases\\use-cases\\PaymentSyncUseCases.ts: Direct ledgerRepo usage",
    +   "application\\purchases\\use-cases\\PurchaseInvoiceUseCases.ts: Direct IVoucherRepository dependency",
    +   "application\\purchases\\use-cases\\PurchaseInvoiceUseCases.ts: Direct ILedgerRepository dependency",
    +   "application\\sales\\use-cases\\PaymentSyncUseCases.ts: Direct IVoucherRepository dependency",
    +   "application\\sales\\use-cases\\PaymentSyncUseCases.ts: Direct ILedgerRepository dependency",
    +   "application\\sales\\use-cases\\PaymentSyncUseCases.ts: Direct voucherRepo usage",
    +   "application\\sales\\use-cases\\PaymentSyncUseCases.ts: Direct ledgerRepo usage",
    +   "application\\sales\\use-cases\\SalesInvoiceUseCases.ts: Direct IVoucherRepository dependency",
    +   "application\\sales\\use-cases\\SalesInvoiceUseCases.ts: Direct ILedgerRepository dependency",
    + ]

    [0m[0m

      at Object.<anonymous> (src/tests/architecture/AccountingBoundary.test.ts:81:28)

PASS src/tests/application/ai-assistant/SendChatMessageUseCase.test.ts
  ● Console

    console.log
      [AI Assistant] Model requested 1 tool call(s) in planning round 1

      at AiToolPlanningLoop.execute (src/application/ai-assistant/services/AiToolPlanningLoop.ts:159:15)

    console.log
      [AI Assistant] Model requested 1 tool call(s) in planning round 1

      at AiToolPlanningLoop.execute (src/application/ai-assistant/services/AiToolPlanningLoop.ts:159:15)

    console.log
      [AI Assistant] Model requested 1 tool call(s) in planning round 2

      at AiToolPlanningLoop.execute (src/application/ai-assistant/services/AiToolPlanningLoop.ts:159:15)

PASS src/tests/api/assertSuperAdmin.test.ts
  ● Console

    console.log
      🔍 Firebase Init: {
        projectId: 'erp-03',
        FIRESTORE_EMULATOR_HOST: undefined,
        FIREBASE_AUTH_EMULATOR_HOST: undefined,
        FUNCTIONS_EMULATOR: undefined
      }

      at Object.<anonymous> (src/firebaseAdmin.ts:17:9)

PASS tests/integration/company/SettingsArchitecture.test.ts
PASS src/api/__tests__/Phase3ModuleAccess.test.ts
  ● Console

    console.log
      🔍 Firebase Init: {
        projectId: 'erp-03',
        FIRESTORE_EMULATOR_HOST: undefined,
        FIREBASE_AUTH_EMULATOR_HOST: undefined,
        FUNCTIONS_EMULATOR: undefined
      }

      at Object.<anonymous> (src/firebaseAdmin.ts:17:9)

    console.log
      [TenantContext] User: u1, Role: MEMBER, Company: cmp_1

      at tenantContextMiddleware (src/api/middlewares/tenantContextMiddleware.ts:89:17)

    console.log
      [TenantContext] Final modules: []

      at tenantContextMiddleware (src/api/middlewares/tenantContextMiddleware.ts:90:17)

    console.log
      [TenantContext] User: u1, Role: OWNER, Company: cmp_1

      at tenantContextMiddleware (src/api/middlewares/tenantContextMiddleware.ts:89:17)

    console.log
      [TenantContext] Final modules: ["sales","inventory"]

      at tenantContextMiddleware (src/api/middlewares/tenantContextMiddleware.ts:90:17)

    console.log
      [TenantContext] User: u1, Role: OWNER, Company: cmp_1

      at tenantContextMiddleware (src/api/middlewares/tenantContextMiddleware.ts:89:17)

    console.log
      [TenantContext] Final modules: []

      at tenantContextMiddleware (src/api/middlewares/tenantContextMiddleware.ts:90:17)

PASS src/application/platform/__tests__/PermissionCatalogSyncService.test.ts
  ● Console

    console.log
      🔍 Firebase Init: {
        projectId: 'erp-03',
        FIRESTORE_EMULATOR_HOST: undefined,
        FIREBASE_AUTH_EMULATOR_HOST: undefined,
        FUNCTIONS_EMULATOR: undefined
      }

      at Object.<anonymous> (src/firebaseAdmin.ts:17:9)

    console.log
      Registering module: testmodule_1778712171244 v1.0.0

      at ModuleRegistry.register (src/application/platform/ModuleRegistry.ts:31:17)

PASS src/tests/application/ai-assistant/FirestoreAiChatRepository.test.ts
PASS src/tests/application/ai-assistant/AiToolCatalogSmoke.test.ts
PASS src/api/__tests__/routerOrdering.test.ts
PASS tests/integration/company/company-modules.test.ts
PASS src/tests/application/accounting/use-cases/AccountUseCases.test.ts
  ● Console

    console.log
      [CreateAccountUseCase] Effective baseCurrency: "USD" (Resolved: "USD", Profile: "USD")

      at CreateAccountUseCase.execute (src/application/accounting/use-cases/accounts/CreateAccountUseCase.ts:103:13)

    console.log
      [CreateAccountUseCase] Effective baseCurrency: "USD" (Resolved: "USD", Profile: "USD")

      at CreateAccountUseCase.execute (src/application/accounting/use-cases/accounts/CreateAccountUseCase.ts:103:13)

    console.log
      [CreateAccountUseCase] Effective baseCurrency: "USD" (Resolved: "USD", Profile: "USD")

      at CreateAccountUseCase.execute (src/application/accounting/use-cases/accounts/CreateAccountUseCase.ts:103:13)

    console.log
      [UpdateAccountUseCase] Effective baseCurrency: "USD" (Resolved: "USD", Profile: "USD")

      at UpdateAccountUseCase.execute (src/application/accounting/use-cases/accounts/UpdateAccountUseCase.ts:141:13)

    console.log
      [UpdateAccountUseCase] Account: Test Account, ParentID: null, Policy: INHERIT, Fixed: null

      at UpdateAccountUseCase.execute (src/application/accounting/use-cases/accounts/UpdateAccountUseCase.ts:148:13)

    console.log
      [UpdateAccountUseCase] Effective baseCurrency: "USD" (Resolved: "USD", Profile: "USD")

      at UpdateAccountUseCase.execute (src/application/accounting/use-cases/accounts/UpdateAccountUseCase.ts:141:13)

    console.log
      [UpdateAccountUseCase] Account: Test Account, ParentID: null, Policy: INHERIT, Fixed: null

      at UpdateAccountUseCase.execute (src/application/accounting/use-cases/accounts/UpdateAccountUseCase.ts:148:13)

    console.log
      [UpdateAccountUseCase] Effective baseCurrency: "USD" (Resolved: "USD", Profile: "USD")

      at UpdateAccountUseCase.execute (src/application/accounting/use-cases/accounts/UpdateAccountUseCase.ts:141:13)

    console.log
      [UpdateAccountUseCase] Account: Test Account, ParentID: null, Policy: INHERIT, Fixed: null

      at UpdateAccountUseCase.execute (src/application/accounting/use-cases/accounts/UpdateAccountUseCase.ts:148:13)

    console.log
      [UpdateAccountUseCase] Effective baseCurrency: "USD" (Resolved: "USD", Profile: "USD")

      at UpdateAccountUseCase.execute (src/application/accounting/use-cases/accounts/UpdateAccountUseCase.ts:141:13)

    console.log
      [UpdateAccountUseCase] Account: Test Account, ParentID: null, Policy: INHERIT, Fixed: null

      at UpdateAccountUseCase.execute (src/application/accounting/use-cases/accounts/UpdateAccountUseCase.ts:148:13)

    console.log
      [UpdateAccountUseCase] Effective baseCurrency: "USD" (Resolved: "USD", Profile: "USD")

      at UpdateAccountUseCase.execute (src/application/accounting/use-cases/accounts/UpdateAccountUseCase.ts:141:13)

    console.log
      [UpdateAccountUseCase] Account: Old Name, ParentID: null, Policy: INHERIT, Fixed: null

      at UpdateAccountUseCase.execute (src/application/accounting/use-cases/accounts/UpdateAccountUseCase.ts:148:13)

PASS src/tests/application/ai-assistant/AiConversationMeta.test.ts
PASS src/tests/application/sales/SalesReturnUseCases.test.ts
PASS src/tests/application/sales/SalesPostingUseCases.test.ts
  ● Console

    console.log
      [JournalEntryStrategy] Processing voucher: {
        headerCurrency: 'USD',
        baseCurrency: 'USD',
        isHeaderInBaseCurrency: true,
        providedExchangeRate: 1,
        effectiveHeaderRate: 1,
        lineCount: 2
      }

      at JournalEntryStrategy.generateLines 
(src/domain/accounting/strategies/implementations/JournalEntryStrategy.ts:27:13)

    console.log
      [JournalEntryStrategy] Line 1: {
        side: 'Debit',
        amount: 20,
        lineCurrency: 'USD',
        lineParity: 1,
        absoluteRate: 1,
        baseAmount: 20,
        baseCurrency: 'USD'
      }

      at src/domain/accounting/strategies/implementations/JournalEntryStrategy.ts:83:15
          at Array.forEach (<anonymous>)

    console.log
      [JournalEntryStrategy] Line 2: {
        side: 'Credit',
        amount: 20,
        lineCurrency: 'USD',
        lineParity: 1,
        absoluteRate: 1,
        baseAmount: 20,
        baseCurrency: 'USD'
      }

      at src/domain/accounting/strategies/implementations/JournalEntryStrategy.ts:83:15
          at Array.forEach (<anonymous>)

    console.log
      [JournalEntryStrategy] Balance check: {
        totalDebitBase: 20,
        totalCreditBase: 20,
        baseDiff: 0,
        totalDebitHeader: 20,
        totalCreditHeader: 20,
        headerDiff: 0
      }

      at JournalEntryStrategy.generateLines 
(src/domain/accounting/strategies/implementations/JournalEntryStrategy.ts:147:13)

    console.log
      [JournalEntryStrategy] Processing voucher: {
        headerCurrency: 'USD',
        baseCurrency: 'USD',
        isHeaderInBaseCurrency: true,
        providedExchangeRate: 1,
        effectiveHeaderRate: 1,
        lineCount: 2
      }

      at JournalEntryStrategy.generateLines 
(src/domain/accounting/strategies/implementations/JournalEntryStrategy.ts:27:13)

    console.log
      [JournalEntryStrategy] Line 1: {
        side: 'Debit',
        amount: 20,
        lineCurrency: 'USD',
        lineParity: 1,
        absoluteRate: 1,
        baseAmount: 20,
        baseCurrency: 'USD'
      }

      at src/domain/accounting/strategies/implementations/JournalEntryStrategy.ts:83:15
          at Array.forEach (<anonymous>)

    console.log
      [JournalEntryStrategy] Line 2: {
        side: 'Credit',
        amount: 20,
        lineCurrency: 'USD',
        lineParity: 1,
        absoluteRate: 1,
        baseAmount: 20,
        baseCurrency: 'USD'
      }

      at src/domain/accounting/strategies/implementations/JournalEntryStrategy.ts:83:15
          at Array.forEach (<anonymous>)

    console.log
      [JournalEntryStrategy] Balance check: {
        totalDebitBase: 20,
        totalCreditBase: 20,
        baseDiff: 0,
        totalDebitHeader: 20,
        totalCreditHeader: 20,
        headerDiff: 0
      }

      at JournalEntryStrategy.generateLines 
(src/domain/accounting/strategies/implementations/JournalEntryStrategy.ts:147:13)

    console.log
      [JournalEntryStrategy] Processing voucher: {
        headerCurrency: 'USD',
        baseCurrency: 'USD',
        isHeaderInBaseCurrency: true,
        providedExchangeRate: 1,
        effectiveHeaderRate: 1,
        lineCount: 2
      }

      at JournalEntryStrategy.generateLines 
(src/domain/accounting/strategies/implementations/JournalEntryStrategy.ts:27:13)

    console.log
      [JournalEntryStrategy] Line 1: {
        side: 'Debit',
        amount: 30,
        lineCurrency: 'USD',
        lineParity: 1,
        absoluteRate: 1,
        baseAmount: 30,
        baseCurrency: 'USD'
      }

      at src/domain/accounting/strategies/implementations/JournalEntryStrategy.ts:83:15
          at Array.forEach (<anonymous>)

    console.log
      [JournalEntryStrategy] Line 2: {
        side: 'Credit',
        amount: 30,
        lineCurrency: 'USD',
        lineParity: 1,
        absoluteRate: 1,
        baseAmount: 30,
        baseCurrency: 'USD'
      }

      at src/domain/accounting/strategies/implementations/JournalEntryStrategy.ts:83:15
          at Array.forEach (<anonymous>)

    console.log
      [JournalEntryStrategy] Balance check: {
        totalDebitBase: 30,
        totalCreditBase: 30,
        baseDiff: 0,
        totalDebitHeader: 30,
        totalCreditHeader: 30,
        headerDiff: 0
      }

      at JournalEntryStrategy.generateLines 
(src/domain/accounting/strategies/implementations/JournalEntryStrategy.ts:147:13)

    console.log
      [JournalEntryStrategy] Processing voucher: {
        headerCurrency: 'USD',
        baseCurrency: 'USD',
        isHeaderInBaseCurrency: true,
        providedExchangeRate: 1,
        effectiveHeaderRate: 1,
        lineCount: 2
      }

      at JournalEntryStrategy.generateLines 
(src/domain/accounting/strategies/implementations/JournalEntryStrategy.ts:27:13)

    console.log
      [JournalEntryStrategy] Line 1: {
        side: 'Debit',
        amount: 20,
        lineCurrency: 'USD',
        lineParity: 1,
        absoluteRate: 1,
        baseAmount: 20,
        baseCurrency: 'USD'
      }

      at src/domain/accounting/strategies/implementations/JournalEntryStrategy.ts:83:15
          at Array.forEach (<anonymous>)

    console.log
      [JournalEntryStrategy] Line 2: {
        side: 'Credit',
        amount: 20,
        lineCurrency: 'USD',
        lineParity: 1,
        absoluteRate: 1,
        baseAmount: 20,
        baseCurrency: 'USD'
      }

      at src/domain/accounting/strategies/implementations/JournalEntryStrategy.ts:83:15
          at Array.forEach (<anonymous>)

    console.log
      [JournalEntryStrategy] Balance check: {
        totalDebitBase: 20,
        totalCreditBase: 20,
        baseDiff: 0,
        totalDebitHeader: 20,
        totalCreditHeader: 20,
        headerDiff: 0
      }

      at JournalEntryStrategy.generateLines 
(src/domain/accounting/strategies/implementations/JournalEntryStrategy.ts:147:13)

    console.log
      [JournalEntryStrategy] Processing voucher: {
        headerCurrency: 'USD',
        baseCurrency: 'USD',
        isHeaderInBaseCurrency: true,
        providedExchangeRate: 1,
        effectiveHeaderRate: 1,
        lineCount: 2
      }

      at JournalEntryStrategy.generateLines 
(src/domain/accounting/strategies/implementations/JournalEntryStrategy.ts:27:13)

    console.log
      [JournalEntryStrategy] Line 1: {
        side: 'Debit',
        amount: 20,
        lineCurrency: 'USD',
        lineParity: 1,
        absoluteRate: 1,
        baseAmount: 20,
        baseCurrency: 'USD'
      }

      at src/domain/accounting/strategies/implementations/JournalEntryStrategy.ts:83:15
          at Array.forEach (<anonymous>)

    console.log
      [JournalEntryStrategy] Line 2: {
        side: 'Credit',
        amount: 20,
        lineCurrency: 'USD',
        lineParity: 1,
        absoluteRate: 1,
        baseAmount: 20,
        baseCurrency: 'USD'
      }

      at src/domain/accounting/strategies/implementations/JournalEntryStrategy.ts:83:15
          at Array.forEach (<anonymous>)

    console.log
      [JournalEntryStrategy] Balance check: {
        totalDebitBase: 20,
        totalCreditBase: 20,
        baseDiff: 0,
        totalDebitHeader: 20,
        totalCreditHeader: 20,
        headerDiff: 0
      }

      at JournalEntryStrategy.generateLines 
(src/domain/accounting/strategies/implementations/JournalEntryStrategy.ts:147:13)

PASS src/tests/application/purchases/PurchasePostingUseCases.test.ts
  ● Console

    console.log
      [JournalEntryStrategy] Processing voucher: {
        headerCurrency: 'USD',
        baseCurrency: 'USD',
        isHeaderInBaseCurrency: true,
        providedExchangeRate: 1,
        effectiveHeaderRate: 1,
        lineCount: 2
      }

      at JournalEntryStrategy.generateLines 
(src/domain/accounting/strategies/implementations/JournalEntryStrategy.ts:27:13)

    console.log
      [JournalEntryStrategy] Line 1: {
        side: 'Debit',
        amount: 20,
        lineCurrency: 'USD',
        lineParity: 1,
        absoluteRate: 1,
        baseAmount: 20,
        baseCurrency: 'USD'
      }

      at src/domain/accounting/strategies/implementations/JournalEntryStrategy.ts:83:15
          at Array.forEach (<anonymous>)

    console.log
      [JournalEntryStrategy] Line 2: {
        side: 'Credit',
        amount: 20,
        lineCurrency: 'USD',
        lineParity: 1,
        absoluteRate: 1,
        baseAmount: 20,
        baseCurrency: 'USD'
      }

      at src/domain/accounting/strategies/implementations/JournalEntryStrategy.ts:83:15
          at Array.forEach (<anonymous>)

    console.log
      [JournalEntryStrategy] Balance check: {
        totalDebitBase: 20,
        totalCreditBase: 20,
        baseDiff: 0,
        totalDebitHeader: 20,
        totalCreditHeader: 20,
        headerDiff: 0
      }

      at JournalEntryStrategy.generateLines 
(src/domain/accounting/strategies/implementations/JournalEntryStrategy.ts:147:13)

PASS src/tests/application/ai-assistant/AiRateLimiterService.test.ts
PASS src/application/accounting/use-cases/__tests__/AuditCompliance.test.ts
  ● Console

    console.log
      [UpdateVoucherUseCase] Loaded Policy Config: {}

      at UpdateVoucherUseCase.execute (src/application/accounting/use-cases/VoucherUseCases.ts:625:17)

    console.log
      [UpdateVoucherUseCase] Policy Decision: { isStrictMode: true, allowEditDeletePosted: false }

      at UpdateVoucherUseCase.execute (src/application/accounting/use-cases/VoucherUseCases.ts:630:17)

PASS src/tests/application/ai-assistant/AiToolCatalogUseCase.test.ts
PASS src/tests/application/purchases/PurchaseReturnUseCases.test.ts
PASS src/tests/domain/ai-assistant/AiProviderConfig.test.ts
PASS src/tests/application/ai-assistant/AiRuntimeGuard.test.ts
PASS src/tests/application/ai-assistant/AiProposalSandbox.test.ts
PASS src/tests/application/inventory/RecordStockMovementUseCase.test.ts
PASS src/application/accounting/use-cases/__tests__/CreateFiscalYearUseCase.spec.ts
PASS src/tests/seeder/seedSystemVoucherTypes.test.ts
  ● Console

    console.log
      Seeding System Voucher Types...

      at seedSystemVoucherTypes (src/seeder/seedSystemVoucherTypes.ts:1064:11)

    console.log
        ✅ Created template: Journal Entry (journal_entry)

      at seedSystemVoucherTypes (src/seeder/seedSystemVoucherTypes.ts:1112:17)

    console.log
        ✅ Created template: Payment Voucher (payment)

      at seedSystemVoucherTypes (src/seeder/seedSystemVoucherTypes.ts:1112:17)

    console.log
        ✅ Created template: Receipt Voucher (receipt)

      at seedSystemVoucherTypes (src/seeder/seedSystemVoucherTypes.ts:1112:17)

    console.log
        ✅ Created template: Opening Balance (opening_balance)

      at seedSystemVoucherTypes (src/seeder/seedSystemVoucherTypes.ts:1112:17)

    console.log
        ✅ Created template: FX Revaluation (fx_revaluation)

      at seedSystemVoucherTypes (src/seeder/seedSystemVoucherTypes.ts:1112:17)

    console.log
        ✅ Created template: Sales Order (sales_order)

      at seedSystemVoucherTypes (src/seeder/seedSystemVoucherTypes.ts:1112:17)

    console.log
        ✅ Created template: Sales Invoice (Direct) (sales_invoice_direct)

      at seedSystemVoucherTypes (src/seeder/seedSystemVoucherTypes.ts:1112:17)

    console.log
        ✅ Created template: Sales Invoice (Linked) (sales_invoice_linked)

      at seedSystemVoucherTypes (src/seeder/seedSystemVoucherTypes.ts:1112:17)

    console.log
        ✅ Created template: Sales Invoice (Service) (sales_invoice_service)

      at seedSystemVoucherTypes (src/seeder/seedSystemVoucherTypes.ts:1112:17)

    console.log
        ✅ Created template: Sales Order (sales_order)

      at seedSystemVoucherTypes (src/seeder/seedSystemVoucherTypes.ts:1112:17)

    console.log
        ✅ Created template: Sales Invoice (Direct) (sales_invoice_direct)

      at seedSystemVoucherTypes (src/seeder/seedSystemVoucherTypes.ts:1112:17)

    console.log
        ✅ Created template: Sales Invoice (Linked) (sales_invoice_linked)

      at seedSystemVoucherTypes (src/seeder/seedSystemVoucherTypes.ts:1112:17)

    console.log
        ✅ Created template: Sales Invoice (Service) (sales_invoice_service)

      at seedSystemVoucherTypes (src/seeder/seedSystemVoucherTypes.ts:1112:17)

    console.log
        ✅ Created template: Delivery Note (delivery_note)

      at seedSystemVoucherTypes (src/seeder/seedSystemVoucherTypes.ts:1112:17)

    console.log
        ✅ Created template: Sales Return (sales_return)

      at seedSystemVoucherTypes (src/seeder/seedSystemVoucherTypes.ts:1112:17)

    console.log
        ✅ Created template: Purchase Order (purchase_order)

      at seedSystemVoucherTypes (src/seeder/seedSystemVoucherTypes.ts:1112:17)

    console.log
        ✅ Created template: Purchase Invoice (Direct) (purchase_invoice_direct)

      at seedSystemVoucherTypes (src/seeder/seedSystemVoucherTypes.ts:1112:17)

    console.log
        ✅ Created template: Purchase Invoice (Linked) (purchase_invoice_linked)

      at seedSystemVoucherTypes (src/seeder/seedSystemVoucherTypes.ts:1112:17)

    console.log
        ✅ Created template: Purchase Invoice (Service) (purchase_invoice_service)

      at seedSystemVoucherTypes (src/seeder/seedSystemVoucherTypes.ts:1112:17)

    console.log
        ✅ Created template: Goods Receipt (goods_receipt)

      at seedSystemVoucherTypes (src/seeder/seedSystemVoucherTypes.ts:1112:17)

    console.log
        ✅ Created template: Purchase Return (purchase_return)

      at seedSystemVoucherTypes (src/seeder/seedSystemVoucherTypes.ts:1112:17)

    console.log
      System Voucher Types Seeding Complete.

      at seedSystemVoucherTypes (src/seeder/seedSystemVoucherTypes.ts:1119:11)

PASS src/tests/application/purchases/PurchaseSettingsUseCases.test.ts
  ● Console

    console.warn
      [PurchaseSettingsUseCases] No PURCHASE system templates found. Check seeder!

    [0m [90m 118 |[39m
     [90m 119 |[39m   [36mif[39m (purchaseTemplates[33m.[39mlength [33m===[39m [35m0[39m) {
    [31m[1m>[22m[39m[90m 120 |[39m     console[33m.[39mwarn([32m'[PurchaseSettingsUseCases] No PURCHASE 
system templates found. Check seeder!'[39m)[33m;[39m
     [90m     |[39m             [31m[1m^[22m[39m
     [90m 121 |[39m   }
     [90m 122 |[39m
     [90m 123 |[39m   [36mfor[39m ([36mconst[39m template [36mof[39m purchaseTemplates) {[0m

      at ensurePurchaseVoucherDefinitions (src/application/purchases/use-cases/PurchaseSettingsUseCases.ts:120:13)
      at UpdatePurchaseSettingsUseCase.execute (src/application/purchases/use-cases/PurchaseSettingsUseCases.ts:406:5)
      at Object.<anonymous> (src/tests/application/purchases/PurchaseSettingsUseCases.test.ts:225:20)

    console.warn
      [PurchaseSettingsUseCases] No PURCHASE system templates found. Check seeder!

    [0m [90m 118 |[39m
     [90m 119 |[39m   [36mif[39m (purchaseTemplates[33m.[39mlength [33m===[39m [35m0[39m) {
    [31m[1m>[22m[39m[90m 120 |[39m     console[33m.[39mwarn([32m'[PurchaseSettingsUseCases] No PURCHASE 
system templates found. Check seeder!'[39m)[33m;[39m
     [90m     |[39m             [31m[1m^[22m[39m
     [90m 121 |[39m   }
     [90m 122 |[39m
     [90m 123 |[39m   [36mfor[39m ([36mconst[39m template [36mof[39m purchaseTemplates) {[0m

      at ensurePurchaseVoucherDefinitions (src/application/purchases/use-cases/PurchaseSettingsUseCases.ts:120:13)
      at UpdatePurchaseSettingsUseCase.execute (src/application/purchases/use-cases/PurchaseSettingsUseCases.ts:406:5)
      at Object.<anonymous> (src/tests/application/purchases/PurchaseSettingsUseCases.test.ts:236:20)

    console.warn
      [PurchaseSettingsUseCases] No PURCHASE system templates found. Check seeder!

    [0m [90m 118 |[39m
     [90m 119 |[39m   [36mif[39m (purchaseTemplates[33m.[39mlength [33m===[39m [35m0[39m) {
    [31m[1m>[22m[39m[90m 120 |[39m     console[33m.[39mwarn([32m'[PurchaseSettingsUseCases] No PURCHASE 
system templates found. Check seeder!'[39m)[33m;[39m
     [90m     |[39m             [31m[1m^[22m[39m
     [90m 121 |[39m   }
     [90m 122 |[39m
     [90m 123 |[39m   [36mfor[39m ([36mconst[39m template [36mof[39m purchaseTemplates) {[0m

      at ensurePurchaseVoucherDefinitions (src/application/purchases/use-cases/PurchaseSettingsUseCases.ts:120:13)
      at UpdatePurchaseSettingsUseCase.execute (src/application/purchases/use-cases/PurchaseSettingsUseCases.ts:406:5)
      at Object.<anonymous> (src/tests/application/purchases/PurchaseSettingsUseCases.test.ts:249:20)

PASS src/tests/application/purchases/PurchaseInvoiceSettlementPosting.test.ts
PASS src/tests/domain/ai-assistant/AiToolCatalog.test.ts
PASS src/tests/application/ai-assistant/CheckProviderHealthUseCase.test.ts
PASS src/tests/application/ai-assistant/AiSettingsUseCase.test.ts
PASS src/tests/application/ai-assistant/OpenAICompatibleProvider.test.ts
PASS src/tests/domain/accounting/handlers/OpeningBalanceHandler.test.ts
PASS src/tests/application/accounting/use-cases/BankReconciliationUseCases.test.ts
PASS src/tests/domain/accounting/entities/Account.test.ts
PASS src/application/company-admin/use-cases/__tests__/Phase3EntitlementEnabledState.test.ts
PASS src/tests/domain/accounting/handlers/JournalEntryHandler.test.ts
PASS src/tests/application/sales/SalesDocumentNumberUniqueness.test.ts
PASS src/application/company-admin/use-cases/__tests__/CompanyRoleModuleBundles.test.ts
PASS src/tests/domain/accounting/handlers/PaymentVoucherHandler.test.ts
PASS src/application/onboarding/use-cases/__tests__/CreateCompanyUseCase.test.ts
  ● Console

    console.log
      [CreateCompanyUseCase] Saving company: cmp_mp4naxgc_j4lxml

      at CreateCompanyUseCase.execute (src/application/onboarding/use-cases/CreateCompanyUseCase.ts:107:15)

    console.log
      [CreateCompanyUseCase] Company saved successfully

      at CreateCompanyUseCase.execute (src/application/onboarding/use-cases/CreateCompanyUseCase.ts:110:15)

    console.log
      [CreateCompanyUseCase] Creating entitlement from bundle: bundle_123

      at CreateCompanyUseCase.execute (src/application/onboarding/use-cases/CreateCompanyUseCase.ts:113:15)

    console.log
      [CreateCompanyUseCase] Entitlement created with items: 3

      at CreateCompanyUseCase.execute (src/application/onboarding/use-cases/CreateCompanyUseCase.ts:146:15)

    console.log
      [CreateCompanyUseCase] Effective modules for roles: []

      at CreateCompanyUseCase.execute (src/application/onboarding/use-cases/CreateCompanyUseCase.ts:152:15)

    console.log
      [CreateCompanyUseCase] Creating roles

      at CreateCompanyUseCase.execute (src/application/onboarding/use-cases/CreateCompanyUseCase.ts:170:15)

    console.log
      [CreateCompanyUseCase] Roles created successfully

      at CreateCompanyUseCase.execute (src/application/onboarding/use-cases/CreateCompanyUseCase.ts:191:15)

    console.log
      [CreateCompanyUseCase] Assigning OWNER role to user

      at CreateCompanyUseCase.execute (src/application/onboarding/use-cases/CreateCompanyUseCase.ts:198:15)

    console.log
      [CreateCompanyUseCase] User role assigned successfully

      at CreateCompanyUseCase.execute (src/application/onboarding/use-cases/CreateCompanyUseCase.ts:207:15)

    console.log
      [CreateCompanyUseCase] Creating module records for: []

      at CreateCompanyUseCase.execute (src/application/onboarding/use-cases/CreateCompanyUseCase.ts:213:15)

    console.log
      [CreateCompanyUseCase] Module records created: 0

      at CreateCompanyUseCase.execute (src/application/onboarding/use-cases/CreateCompanyUseCase.ts:218:15)

    console.log
      [CreateCompanyUseCase] Module records persisted successfully

      at CreateCompanyUseCase.execute (src/application/onboarding/use-cases/CreateCompanyUseCase.ts:222:15)

    console.log
      [CreateCompanyUseCase] Company creation completed successfully

      at CreateCompanyUseCase.execute (src/application/onboarding/use-cases/CreateCompanyUseCase.ts:224:15)

    console.log
      [CreateCompanyUseCase] Saving company: cmp_mp4naxgh_98ixtc

      at CreateCompanyUseCase.execute (src/application/onboarding/use-cases/CreateCompanyUseCase.ts:107:15)

    console.log
      [CreateCompanyUseCase] Company saved successfully

      at CreateCompanyUseCase.execute (src/application/onboarding/use-cases/CreateCompanyUseCase.ts:110:15)

    console.log
      [CreateCompanyUseCase] Creating entitlement from bundle: bundle_123

      at CreateCompanyUseCase.execute (src/application/onboarding/use-cases/CreateCompanyUseCase.ts:113:15)

    console.log
      [CreateCompanyUseCase] Entitlement created with items: 3

      at CreateCompanyUseCase.execute (src/application/onboarding/use-cases/CreateCompanyUseCase.ts:146:15)

    console.log
      [CreateCompanyUseCase] Effective modules for roles: []

      at CreateCompanyUseCase.execute (src/application/onboarding/use-cases/CreateCompanyUseCase.ts:152:15)

    console.log
      [CreateCompanyUseCase] Creating roles

      at CreateCompanyUseCase.execute (src/application/onboarding/use-cases/CreateCompanyUseCase.ts:170:15)

    console.log
      [CreateCompanyUseCase] Roles created successfully

      at CreateCompanyUseCase.execute (src/application/onboarding/use-cases/CreateCompanyUseCase.ts:191:15)

    console.log
      [CreateCompanyUseCase] Assigning OWNER role to user

      at CreateCompanyUseCase.execute (src/application/onboarding/use-cases/CreateCompanyUseCase.ts:198:15)

    console.log
      [CreateCompanyUseCase] User role assigned successfully

      at CreateCompanyUseCase.execute (src/application/onboarding/use-cases/CreateCompanyUseCase.ts:207:15)

    console.log
      [CreateCompanyUseCase] Creating module records for: []

      at CreateCompanyUseCase.execute (src/application/onboarding/use-cases/CreateCompanyUseCase.ts:213:15)

    console.log
      [CreateCompanyUseCase] Module records created: 0

      at CreateCompanyUseCase.execute (src/application/onboarding/use-cases/CreateCompanyUseCase.ts:218:15)

    console.log
      [CreateCompanyUseCase] Module records persisted successfully

      at CreateCompanyUseCase.execute (src/application/onboarding/use-cases/CreateCompanyUseCase.ts:222:15)

    console.log
      [CreateCompanyUseCase] Company creation completed successfully

      at CreateCompanyUseCase.execute (src/application/onboarding/use-cases/CreateCompanyUseCase.ts:224:15)

PASS src/application/platform/__tests__/ModuleAvailabilityService.test.ts
PASS src/tests/application/accounting/use-cases/VoucherPersistence.test.ts
  ● Console

    console.log
      [JournalEntryStrategy] Processing voucher: {
        headerCurrency: 'USD',
        baseCurrency: 'USD',
        isHeaderInBaseCurrency: true,
        providedExchangeRate: undefined,
        effectiveHeaderRate: 1,
        lineCount: 2
      }

      at JournalEntryStrategy.generateLines 
(src/domain/accounting/strategies/implementations/JournalEntryStrategy.ts:27:13)

    console.log
      [JournalEntryStrategy] Line 1: {
        side: 'Debit',
        amount: 100,
        lineCurrency: 'USD',
        lineParity: 1,
        absoluteRate: 1,
        baseAmount: 100,
        baseCurrency: 'USD'
      }

      at src/domain/accounting/strategies/implementations/JournalEntryStrategy.ts:83:15
          at Array.forEach (<anonymous>)

    console.log
      [JournalEntryStrategy] Line 2: {
        side: 'Credit',
        amount: 100,
        lineCurrency: 'USD',
        lineParity: 1,
        absoluteRate: 1,
        baseAmount: 100,
        baseCurrency: 'USD'
      }

      at src/domain/accounting/strategies/implementations/JournalEntryStrategy.ts:83:15
          at Array.forEach (<anonymous>)

    console.log
      [JournalEntryStrategy] Balance check: {
        totalDebitBase: 100,
        totalCreditBase: 100,
        baseDiff: 0,
        totalDebitHeader: 100,
        totalCreditHeader: 100,
        headerDiff: 0
      }

      at JournalEntryStrategy.generateLines 
(src/domain/accounting/strategies/implementations/JournalEntryStrategy.ts:147:13)

    console.log
      [JournalEntryStrategy] Processing voucher: {
        headerCurrency: 'USD',
        baseCurrency: 'USD',
        isHeaderInBaseCurrency: true,
        providedExchangeRate: undefined,
        effectiveHeaderRate: 1,
        lineCount: 2
      }

      at JournalEntryStrategy.generateLines 
(src/domain/accounting/strategies/implementations/JournalEntryStrategy.ts:27:13)

    console.log
      [JournalEntryStrategy] Line 1: {
        side: 'Debit',
        amount: 50,
        lineCurrency: 'USD',
        lineParity: 1,
        absoluteRate: 1,
        baseAmount: 50,
        baseCurrency: 'USD'
      }

      at src/domain/accounting/strategies/implementations/JournalEntryStrategy.ts:83:15
          at Array.forEach (<anonymous>)

    console.log
      [JournalEntryStrategy] Line 2: {
        side: 'Credit',
        amount: 50,
        lineCurrency: 'USD',
        lineParity: 1,
        absoluteRate: 1,
        baseAmount: 50,
        baseCurrency: 'USD'
      }

      at src/domain/accounting/strategies/implementations/JournalEntryStrategy.ts:83:15
          at Array.forEach (<anonymous>)

    console.log
      [JournalEntryStrategy] Balance check: {
        totalDebitBase: 50,
        totalCreditBase: 50,
        baseDiff: 0,
        totalDebitHeader: 50,
        totalCreditHeader: 50,
        headerDiff: 0
      }

      at JournalEntryStrategy.generateLines 
(src/domain/accounting/strategies/implementations/JournalEntryStrategy.ts:147:13)

    console.log
      [JournalEntryStrategy] Processing voucher: {
        headerCurrency: 'USD',
        baseCurrency: 'USD',
        isHeaderInBaseCurrency: true,
        providedExchangeRate: undefined,
        effectiveHeaderRate: 1,
        lineCount: 2
      }

      at JournalEntryStrategy.generateLines 
(src/domain/accounting/strategies/implementations/JournalEntryStrategy.ts:27:13)

    console.log
      [JournalEntryStrategy] Line 1: {
        side: 'Debit',
        amount: 100,
        lineCurrency: 'USD',
        lineParity: 1,
        absoluteRate: 1,
        baseAmount: 100,
        baseCurrency: 'USD'
      }

      at src/domain/accounting/strategies/implementations/JournalEntryStrategy.ts:83:15
          at Array.forEach (<anonymous>)

    console.log
      [JournalEntryStrategy] Line 2: {
        side: 'Credit',
        amount: 100,
        lineCurrency: 'USD',
        lineParity: 1,
        absoluteRate: 1,
        baseAmount: 100,
        baseCurrency: 'USD'
      }

      at src/domain/accounting/strategies/implementations/JournalEntryStrategy.ts:83:15
          at Array.forEach (<anonymous>)

    console.log
      [JournalEntryStrategy] Balance check: {
        totalDebitBase: 100,
        totalCreditBase: 100,
        baseDiff: 0,
        totalDebitHeader: 100,
        totalCreditHeader: 100,
        headerDiff: 0
      }

      at JournalEntryStrategy.generateLines 
(src/domain/accounting/strategies/implementations/JournalEntryStrategy.ts:147:13)

    console.log
      [JournalEntryStrategy] Processing voucher: {
        headerCurrency: 'USD',
        baseCurrency: 'USD',
        isHeaderInBaseCurrency: true,
        providedExchangeRate: undefined,
        effectiveHeaderRate: 1,
        lineCount: 2
      }

      at JournalEntryStrategy.generateLines 
(src/domain/accounting/strategies/implementations/JournalEntryStrategy.ts:27:13)

    console.log
      [JournalEntryStrategy] Line 1: {
        side: 'Debit',
        amount: 100,
        lineCurrency: 'USD',
        lineParity: 1,
        absoluteRate: 1,
        baseAmount: 100,
        baseCurrency: 'USD'
      }

      at src/domain/accounting/strategies/implementations/JournalEntryStrategy.ts:83:15
          at Array.forEach (<anonymous>)

    console.log
      [JournalEntryStrategy] Line 2: {
        side: 'Credit',
        amount: 100,
        lineCurrency: 'USD',
        lineParity: 1,
        absoluteRate: 1,
        baseAmount: 100,
        baseCurrency: 'USD'
      }

      at src/domain/accounting/strategies/implementations/JournalEntryStrategy.ts:83:15
          at Array.forEach (<anonymous>)

    console.log
      [JournalEntryStrategy] Balance check: {
        totalDebitBase: 100,
        totalCreditBase: 100,
        baseDiff: 0,
        totalDebitHeader: 100,
        totalCreditHeader: 100,
        headerDiff: 0
      }

      at JournalEntryStrategy.generateLines 
(src/domain/accounting/strategies/implementations/JournalEntryStrategy.ts:147:13)

    console.log
      [UpdateVoucherUseCase] Loaded Policy Config: {
        "strictApprovalMode": false,
        "approvalRequired": false,
        "allowEditDeletePosted": true
      }

      at UpdateVoucherUseCase.execute (src/application/accounting/use-cases/VoucherUseCases.ts:625:17)

    console.log
      [UpdateVoucherUseCase] Policy Decision: { isStrictMode: false, allowEditDeletePosted: true }

      at UpdateVoucherUseCase.execute (src/application/accounting/use-cases/VoucherUseCases.ts:630:17)

    console.log
      [JournalEntryStrategy] Processing voucher: {
        headerCurrency: 'USD',
        baseCurrency: 'USD',
        isHeaderInBaseCurrency: true,
        providedExchangeRate: undefined,
        effectiveHeaderRate: 1,
        lineCount: 2
      }

      at JournalEntryStrategy.generateLines 
(src/domain/accounting/strategies/implementations/JournalEntryStrategy.ts:27:13)

    console.log
      [JournalEntryStrategy] Line 1: {
        side: 'Debit',
        amount: 100,
        lineCurrency: 'USD',
        lineParity: 1,
        absoluteRate: 1,
        baseAmount: 100,
        baseCurrency: 'USD'
      }

      at src/domain/accounting/strategies/implementations/JournalEntryStrategy.ts:83:15
          at Array.forEach (<anonymous>)

    console.log
      [JournalEntryStrategy] Line 2: {
        side: 'Credit',
        amount: 100,
        lineCurrency: 'USD',
        lineParity: 1,
        absoluteRate: 1,
        baseAmount: 100,
        baseCurrency: 'USD'
      }

      at src/domain/accounting/strategies/implementations/JournalEntryStrategy.ts:83:15
          at Array.forEach (<anonymous>)

    console.log
      [JournalEntryStrategy] Balance check: {
        totalDebitBase: 100,
        totalCreditBase: 100,
        baseDiff: 0,
        totalDebitHeader: 100,
        totalCreditHeader: 100,
        headerDiff: 0
      }

      at JournalEntryStrategy.generateLines 
(src/domain/accounting/strategies/implementations/JournalEntryStrategy.ts:147:13)

PASS src/domain/accounting/services/FiscalPeriodGenerator.spec.ts
PASS src/tests/domain/accounting/entities/VoucherEntity.test.ts
PASS src/tests/application/accounting/use-cases/DeleteFiscalYearUseCase.test.ts
PASS src/tests/application/sales/SalesPaymentSyncUseCases.test.ts
PASS src/tests/domain/accounting/handlers/ReceiptVoucherHandler.test.ts
PASS src/tests/application/sales/SalesInvoiceSettlementPosting.test.ts
PASS src/tests/application/purchases/PurchasePaymentSyncUseCases.test.ts
PASS src/tests/application/ai-assistant/AiAssistantAccountingToolsAndAnalytics.test.ts
PASS src/tests/domain/accounting/policies/AccountAccessPolicy.test.ts
PASS src/tests/application/inventory/StockAdjustmentAtomicity.test.ts
PASS src/tests/application/inventory/OpeningStockDocumentUseCases.test.ts
PASS src/domain/accounting/entities/FiscalYear.spec.ts
PASS src/domain/accounting/strategies/implementations/__tests__/FXRevaluationStrategy.test.ts
PASS src/tests/application/inventory/WarehouseUseCases.test.ts
PASS src/application/company-admin/use-cases/__tests__/EnableCapabilityForCompanyUseCase.test.ts
PASS src/tests/domain/accounting/utils/DateNormalization.test.ts
PASS src/application/accounting/use-cases/__tests__/GovernancePolicy.test.ts
  ● Console

    console.log
      [UpdateVoucherUseCase] Loaded Policy Config: {
        "strictApprovalMode": true,
        "approvalRequired": true,
        "allowEditDeletePosted": false
      }

      at UpdateVoucherUseCase.execute (src/application/accounting/use-cases/VoucherUseCases.ts:625:17)

    console.log
      [UpdateVoucherUseCase] Policy Decision: { isStrictMode: true, allowEditDeletePosted: false }

      at UpdateVoucherUseCase.execute (src/application/accounting/use-cases/VoucherUseCases.ts:630:17)

    console.log
      [UpdateVoucherUseCase] Loaded Policy Config: {
        "strictApprovalMode": false,
        "approvalRequired": false,
        "allowEditDeletePosted": false
      }

      at UpdateVoucherUseCase.execute (src/application/accounting/use-cases/VoucherUseCases.ts:625:17)

    console.log
      [UpdateVoucherUseCase] Policy Decision: { isStrictMode: false, allowEditDeletePosted: false }

      at UpdateVoucherUseCase.execute (src/application/accounting/use-cases/VoucherUseCases.ts:630:17)

    console.log
      [UpdateVoucherUseCase] Loaded Policy Config: {
        "strictApprovalMode": false,
        "approvalRequired": false,
        "allowEditDeletePosted": true
      }

      at UpdateVoucherUseCase.execute (src/application/accounting/use-cases/VoucherUseCases.ts:625:17)

    console.log
      [UpdateVoucherUseCase] Policy Decision: { isStrictMode: false, allowEditDeletePosted: true }

      at UpdateVoucherUseCase.execute (src/application/accounting/use-cases/VoucherUseCases.ts:630:17)

PASS src/application/company-admin/use-cases/__tests__/DisableCapabilityForCompanyUseCase.test.ts
PASS src/tests/domain/accounting/policies/ApprovalRequiredPolicy.test.ts
PASS src/tests/application/accounting/use-cases/GenerateRecurringVouchersUseCase.test.ts
PASS src/application/company-admin/use-cases/__tests__/UpgradeCompanyBundleUseCase.test.ts
PASS src/tests/application/accounting/use-cases/GetAccountStatementUseCase.test.ts
PASS src/tests/application/accounting/use-cases/CloseYearUseCase.test.ts
PASS src/application/system/services/__tests__/CompanyVoucherTemplateSyncService.test.ts
PASS src/application/accounting/use-cases/__tests__/CalculateFXRevaluationUseCase.test.ts
PASS src/tests/application/sales/SalesSettingsUseCases.test.ts
PASS src/tests/application/accounting/use-cases/GetBudgetVsActualUseCase.test.ts
PASS src/application/company-admin/services/__tests__/CompanyCapabilityAccessResolver.test.ts
PASS src/infrastructure/prisma/repositories/super-admin/__tests__/PrismaBundleRegistryRepository.test.ts
PASS src/infrastructure/firestore/repositories/accounting/__tests__/FirestoreFiscalYearRepository.spec.ts
PASS src/application/super-admin/use-cases/__tests__/CheckModuleImplementationUseCase.test.ts
PASS src/application/platform/__tests__/EntitlementService.test.ts
PASS src/tests/domain/accounting/policies/PeriodLockPolicy.test.ts
PASS src/tests/application/accounting/use-cases/GetCashFlowUseCase.test.ts
PASS src/tests/domain/accounting/entities/FiscalYear.test.ts
PASS src/tests/application/accounting/use-cases/GetJournalUseCase.test.ts
PASS src/tests/application/accounting/use-cases/GetBalanceSheetUseCase.test.ts
PASS src/application/super-admin/use-cases/__tests__/BundleUseCases.test.ts
PASS src/application/common/services/__tests__/SettingsResolver.test.ts
PASS src/tests/application/reporting/use-cases/GetProfitAndLossUseCase.test.ts
PASS src/application/common/services/__tests__/DocumentPolicyResolver.test.ts
PASS src/tests/application/accounting/use-cases/GetConsolidatedTrialBalanceUseCase.test.ts
PASS src/tests/application/accounting/use-cases/AutoCreateRetainedEarnings.test.ts
PASS src/tests/domain/sales/SalesInvoice.test.ts
PASS src/tests/domain/accounting/policies/CostCenterRequiredPolicy.test.ts
PASS src/tests/domain/accounting/entities/CostCenter.test.ts
PASS src/tests/application/purchases/PurchaseOrderNumberUniqueness.test.ts
PASS src/tests/domain/accounting/policies/ApprovalGateWorkflow.test.ts
PASS src/domain/designer/services/__tests__/VoucherFormDeduper.test.ts
PASS src/application/system/services/__tests__/ModuleActivationService.test.ts
PASS src/tests/domain/ai-assistant/AiModelProfile.test.ts
PASS src/tests/application/ai-assistant/AiProviderRegistryUseCase.test.ts
PASS src/tests/application/accounting/use-cases/AgingReportUseCase.test.ts
PASS src/tests/domain/accounting/VoucherSequence.test.ts
FAIL src/tests/application/ai-assistant/AiModelRoutingGuard.test.ts
  ● Test suite failed to run

    [96msrc/tests/application/ai-assistant/AiModelRoutingGuard.test.ts[0m:[93m19[0m:[93m7[0m - 
[91merror[0m[90m TS2420: [0mClass 'InMemoryCertificationRepo' incorrectly implements interface 
'IAiModelCertificationRepository'.
      Property 'expireByProfileAndCategory' is missing in type 'InMemoryCertificationRepo' but required in type 
'IAiModelCertificationRepository'.

    [7m19[0m class InMemoryCertificationRepo implements IAiModelCertificationRepository {
    [7m  [0m [91m      ~~~~~~~~~~~~~~~~~~~~~~~~~[0m

      [96msrc/repository/interfaces/ai-assistant/IAiModelCertificationRepository.ts[0m:[93m32[0m:[93m3[0m
        [7m32[0m   expireByProfileAndCategory(modelProfileId: string, category: AiCertificationCategory): 
Promise<number>;
        [7m  [0m [96m  
~~~~~~~~~~~~~~~~~~~~~~~~~~~~~~~~~~~~~~~~~~~~~~~~~~~~~~~~~~~~~~~~~~~~~~~~~~~~~~~~~~~~~~~~~~~~~~~~~~~~~~~[0m
        'expireByProfileAndCategory' is declared here.
    [96msrc/tests/application/ai-assistant/AiModelRoutingGuard.test.ts[0m:[93m107[0m:[93m50[0m - 
[91merror[0m[90m TS2345: [0mArgument of type 'InMemoryCertificationRepo' is not assignable to parameter of type 
'IAiModelCertificationRepository'.
      Property 'expireByProfileAndCategory' is missing in type 'InMemoryCertificationRepo' but required in type 
'IAiModelCertificationRepository'.

    [7m107[0m     guard = new AiModelRoutingGuard(profileRepo, certRepo);
    [7m   [0m [91m                                                 ~~~~~~~~[0m

      [96msrc/repository/interfaces/ai-assistant/IAiModelCertificationRepository.ts[0m:[93m32[0m:[93m3[0m
        [7m32[0m   expireByProfileAndCategory(modelProfileId: string, category: AiCertificationCategory): 
Promise<number>;
        [7m  [0m [96m  
~~~~~~~~~~~~~~~~~~~~~~~~~~~~~~~~~~~~~~~~~~~~~~~~~~~~~~~~~~~~~~~~~~~~~~~~~~~~~~~~~~~~~~~~~~~~~~~~~~~~~~~[0m
        'expireByProfileAndCategory' is declared here.

FAIL src/tests/application/ai-assistant/AiModelCertificationUseCase.test.ts
  ● Test suite failed to run

    [96msrc/tests/application/ai-assistant/AiModelCertificationUseCase.test.ts[0m:[93m19[0m:[93m7[0m - 
[91merror[0m[90m TS2420: [0mClass 'InMemoryCertificationRepo' incorrectly implements interface 
'IAiModelCertificationRepository'.
      Property 'expireByProfileAndCategory' is missing in type 'InMemoryCertificationRepo' but required in type 
'IAiModelCertificationRepository'.

    [7m19[0m class InMemoryCertificationRepo implements IAiModelCertificationRepository {
    [7m  [0m [91m      ~~~~~~~~~~~~~~~~~~~~~~~~~[0m

      [96msrc/repository/interfaces/ai-assistant/IAiModelCertificationRepository.ts[0m:[93m32[0m:[93m3[0m
        [7m32[0m   expireByProfileAndCategory(modelProfileId: string, category: AiCertificationCategory): 
Promise<number>;
        [7m  [0m [96m  
~~~~~~~~~~~~~~~~~~~~~~~~~~~~~~~~~~~~~~~~~~~~~~~~~~~~~~~~~~~~~~~~~~~~~~~~~~~~~~~~~~~~~~~~~~~~~~~~~~~~~~~[0m
        'expireByProfileAndCategory' is declared here.
    [96msrc/tests/application/ai-assistant/AiModelCertificationUseCase.test.ts[0m:[93m88[0m:[93m60[0m - 
[91merror[0m[90m TS2345: [0mArgument of type 'InMemoryCertificationRepo' is not assignable to parameter of type 
'IAiModelCertificationRepository'.
      Property 'expireByProfileAndCategory' is missing in type 'InMemoryCertificationRepo' but required in type 
'IAiModelCertificationRepository'.

    [7m88[0m     useCase = new AiModelCertificationUseCase(profileRepo, certRepo);
    [7m  [0m [91m                                                           ~~~~~~~~[0m

      [96msrc/repository/interfaces/ai-assistant/IAiModelCertificationRepository.ts[0m:[93m32[0m:[93m3[0m
        [7m32[0m   expireByProfileAndCategory(modelProfileId: string, category: AiCertificationCategory): 
Promise<number>;
        [7m  [0m [96m  
~~~~~~~~~~~~~~~~~~~~~~~~~~~~~~~~~~~~~~~~~~~~~~~~~~~~~~~~~~~~~~~~~~~~~~~~~~~~~~~~~~~~~~~~~~~~~~~~~~~~~~~[0m
        'expireByProfileAndCategory' is declared here.

Summary of all failing tests
FAIL src/tests/application/ai-assistant/AiAssistantNewFeatures.test.ts (6.981 s)
  ● CheckProviderHealthUseCase › should return READY for mock provider

    expect(received).toBe(expected) // Object.is equality

    Expected: true
    Received: false

    [0m [90m 179 |[39m     [36mconst[39m result [33m=[39m [36mawait[39m 
useCase[33m.[39mexecute([32m'company-1'[39m)[33m;[39m
     [90m 180 |[39m
    [31m[1m>[22m[39m[90m 181 |[39m     expect(result[33m.[39mready)[33m.[39mtoBe([36mtrue[39m)[33m;[39m
     [90m     |[39m                          [31m[1m^[22m[39m
     [90m 182 |[39m     expect(result[33m.[39mnetworkOk)[33m.[39mtoBe([36mtrue[39m)[33m;[39m
     [90m 183 |[39m     expect(result[33m.[39minferenceOk)[33m.[39mtoBe([36mtrue[39m)[33m;[39m
     [90m 184 |[39m     expect(result[33m.[39mprovider)[33m.[39mtoBe([32m'mock'[39m)[33m;[39m[0m

      at Object.<anonymous> (src/tests/application/ai-assistant/AiAssistantNewFeatures.test.ts:181:26)

  ● CheckProviderHealthUseCase › should return READY for default config when no config exists

    expect(received).toBe(expected) // Object.is equality

    Expected: true
    Received: false

    [0m [90m 211 |[39m
     [90m 212 |[39m     [90m// Default is mock provider which is always available[39m
    [31m[1m>[22m[39m[90m 213 |[39m     expect(result[33m.[39mready)[33m.[39mtoBe([36mtrue[39m)[33m;[39m
     [90m     |[39m                          [31m[1m^[22m[39m
     [90m 214 |[39m     expect(result[33m.[39mnetworkOk)[33m.[39mtoBe([36mtrue[39m)[33m;[39m
     [90m 215 |[39m     expect(result[33m.[39minferenceOk)[33m.[39mtoBe([36mtrue[39m)[33m;[39m
     [90m 216 |[39m   })[33m;[39m[0m

      at Object.<anonymous> (src/tests/application/ai-assistant/AiAssistantNewFeatures.test.ts:213:26)

FAIL src/tests/application/ai-assistant/AiToolCalling.test.ts
  ● CheckProviderHealthUseCase - Cooldown › should enforce cooldown between health checks

    expect(received).toBe(expected) // Object.is equality

    Expected: true
    Received: false

    [0m [90m 231 |[39m     [90m// First check should succeed[39m
     [90m 232 |[39m     [36mconst[39m result1 [33m=[39m [36mawait[39m 
useCase[33m.[39mexecute([32m'cooldown-test'[39m)[33m;[39m
    [31m[1m>[22m[39m[90m 233 |[39m     expect(result1[33m.[39mready)[33m.[39mtoBe([36mtrue[39m)[33m;[39m
     [90m     |[39m                           [31m[1m^[22m[39m
     [90m 234 |[39m
     [90m 235 |[39m     [90m// Second check immediately should be rate-limited[39m
     [90m 236 |[39m     [36mtry[39m {[0m

      at Object.<anonymous> (src/tests/application/ai-assistant/AiToolCalling.test.ts:233:27)

  ● CheckProviderHealthUseCase - Cooldown › should allow health check for different companies

    expect(received).toBe(expected) // Object.is equality

    Expected: true
    Received: false

    [0m [90m 263 |[39m
     [90m 264 |[39m     [36mconst[39m result1 [33m=[39m [36mawait[39m 
useCase[33m.[39mexecute([32m'company-a'[39m)[33m;[39m
    [31m[1m>[22m[39m[90m 265 |[39m     expect(result1[33m.[39mready)[33m.[39mtoBe([36mtrue[39m)[33m;[39m
     [90m     |[39m                           [31m[1m^[22m[39m
     [90m 266 |[39m
     [90m 267 |[39m     [36mconst[39m result2 [33m=[39m [36mawait[39m 
useCase[33m.[39mexecute([32m'company-b'[39m)[33m;[39m
     [90m 268 |[39m     expect(result2[33m.[39mready)[33m.[39mtoBe([36mtrue[39m)[33m;[39m[0m

      at Object.<anonymous> (src/tests/application/ai-assistant/AiToolCalling.test.ts:265:27)

FAIL src/tests/application/inventory/ConfigureInventoryFinancialIntegrationUseCase.test.ts
  ● ConfigureInventoryFinancialIntegrationUseCase › requires perpetual-mode default accounts

    expect(received).rejects.toThrow(expected)

    Expected substring: "Default Inventory Asset Account is required"
    Received message:   "this.stockMovementRepo.hasAnyMovements is not a function"

        [0m [90m 34 |[39m
         [90m 35 |[39m     [36mif[39m (settings[33m.[39maccountingMode [33m&&[39m 
settings[33m.[39maccountingMode [33m!==[39m input[33m.[39maccountingMode) {
        [31m[1m>[22m[39m[90m 36 |[39m       [36mconst[39m hasMovements [33m=[39m [36mawait[39m 
[36mthis[39m[33m.[39mstockMovementRepo[33m.[39mhasAnyMovements(input[33m.[39mcompanyId)[33m;[39m
         [90m    |[39m                                                         [31m[1m^[22m[39m
         [90m 37 |[39m       [36mif[39m (hasMovements) {
         [90m 38 |[39m         [36mthrow[39m [36mnew[39m [33mError[39m([32m'Cannot change inventory 
accounting mode after stock movements have been recorded. A migration or cutover is required.'[39m)[33m;[39m
         [90m 39 |[39m       }[0m

      at ConfigureInventoryFinancialIntegrationUseCase.execute 
(src/application/inventory/use-cases/ConfigureInventoryFinancialIntegrationUseCase.ts:36:57)
      at Object.<anonymous> 
(src/tests/application/inventory/ConfigureInventoryFinancialIntegrationUseCase.test.ts:77:5)
      at Object.toThrow (node_modules/expect/build/index.js:2155:20)
      at Object.<anonymous> 
(src/tests/application/inventory/ConfigureInventoryFinancialIntegrationUseCase.test.ts:83:15)

  ● ConfigureInventoryFinancialIntegrationUseCase › rejects invalid perpetual inventory accounts

    expect(received).rejects.toThrow(expected)

    Expected substring: "Invalid Inventory Asset Account"
    Received message:   "this.stockMovementRepo.hasAnyMovements is not a function"

        [0m [90m 34 |[39m
         [90m 35 |[39m     [36mif[39m (settings[33m.[39maccountingMode [33m&&[39m 
settings[33m.[39maccountingMode [33m!==[39m input[33m.[39maccountingMode) {
        [31m[1m>[22m[39m[90m 36 |[39m       [36mconst[39m hasMovements [33m=[39m [36mawait[39m 
[36mthis[39m[33m.[39mstockMovementRepo[33m.[39mhasAnyMovements(input[33m.[39mcompanyId)[33m;[39m
         [90m    |[39m                                                         [31m[1m^[22m[39m
         [90m 37 |[39m       [36mif[39m (hasMovements) {
         [90m 38 |[39m         [36mthrow[39m [36mnew[39m [33mError[39m([32m'Cannot change inventory 
accounting mode after stock movements have been recorded. A migration or cutover is required.'[39m)[33m;[39m
         [90m 39 |[39m       }[0m

      at ConfigureInventoryFinancialIntegrationUseCase.execute 
(src/application/inventory/use-cases/ConfigureInventoryFinancialIntegrationUseCase.ts:36:57)
      at Object.<anonymous> 
(src/tests/application/inventory/ConfigureInventoryFinancialIntegrationUseCase.test.ts:104:5)
      at Object.toThrow (node_modules/expect/build/index.js:2155:20)
      at Object.<anonymous> 
(src/tests/application/inventory/ConfigureInventoryFinancialIntegrationUseCase.test.ts:112:15)

  ● ConfigureInventoryFinancialIntegrationUseCase › saves a perpetual configuration after validating both accounts

    TypeError: this.stockMovementRepo.hasAnyMovements is not a function

    [0m [90m 34 |[39m
     [90m 35 |[39m     [36mif[39m (settings[33m.[39maccountingMode [33m&&[39m 
settings[33m.[39maccountingMode [33m!==[39m input[33m.[39maccountingMode) {
    [31m[1m>[22m[39m[90m 36 |[39m       [36mconst[39m hasMovements [33m=[39m [36mawait[39m 
[36mthis[39m[33m.[39mstockMovementRepo[33m.[39mhasAnyMovements(input[33m.[39mcompanyId)[33m;[39m
     [90m    |[39m                                                         [31m[1m^[22m[39m
     [90m 37 |[39m       [36mif[39m (hasMovements) {
     [90m 38 |[39m         [36mthrow[39m [36mnew[39m [33mError[39m([32m'Cannot change inventory accounting 
mode after stock movements have been recorded. A migration or cutover is required.'[39m)[33m;[39m
     [90m 39 |[39m       }[0m

      at ConfigureInventoryFinancialIntegrationUseCase.execute 
(src/application/inventory/use-cases/ConfigureInventoryFinancialIntegrationUseCase.ts:36:57)
      at Object.<anonymous> 
(src/tests/application/inventory/ConfigureInventoryFinancialIntegrationUseCase.test.ts:140:5)

  ● ConfigureInventoryFinancialIntegrationUseCase › saves invoice-driven configuration without looking up accounts

    TypeError: this.stockMovementRepo.hasAnyMovements is not a function

    [0m [90m 34 |[39m
     [90m 35 |[39m     [36mif[39m (settings[33m.[39maccountingMode [33m&&[39m 
settings[33m.[39maccountingMode [33m!==[39m input[33m.[39maccountingMode) {
    [31m[1m>[22m[39m[90m 36 |[39m       [36mconst[39m hasMovements [33m=[39m [36mawait[39m 
[36mthis[39m[33m.[39mstockMovementRepo[33m.[39mhasAnyMovements(input[33m.[39mcompanyId)[33m;[39m
     [90m    |[39m                                                         [31m[1m^[22m[39m
     [90m 37 |[39m       [36mif[39m (hasMovements) {
     [90m 38 |[39m         [36mthrow[39m [36mnew[39m [33mError[39m([32m'Cannot change inventory accounting 
mode after stock movements have been recorded. A migration or cutover is required.'[39m)[33m;[39m
     [90m 39 |[39m       }[0m

      at ConfigureInventoryFinancialIntegrationUseCase.execute 
(src/application/inventory/use-cases/ConfigureInventoryFinancialIntegrationUseCase.ts:36:57)
      at Object.<anonymous> 
(src/tests/application/inventory/ConfigureInventoryFinancialIntegrationUseCase.test.ts:176:5)

  ● ConfigureInventoryFinancialIntegrationUseCase › returns a historical summary with earliest movement date when data 
exists

    expect(received).resolves.toEqual()

    Received promise rejected instead of resolved
    Rejected to value: [TypeError: this.stockMovementRepo.hasAnyMovements is not a function]

    [0m [90m 201 |[39m     )[33m;[39m
     [90m 202 |[39m
    [31m[1m>[22m[39m[90m 203 |[39m     [36mawait[39m 
expect(useCase[33m.[39mgetHistoricalSummary([33mCOMPANY_ID[39m))[33m.[39mresolves[33m.[39mtoEqual({
     [90m     |[39m                 [31m[1m^[22m[39m
     [90m 204 |[39m       hasHistoricalData[33m:[39m [36mtrue[39m[33m,[39m
     [90m 205 |[39m       movementCount[33m:[39m [35m1[39m[33m,[39m
     [90m 206 |[39m       earliestDate[33m:[39m [32m'2025-12-31'[39m[33m,[39m[0m

      at expect (node_modules/expect/build/index.js:2116:15)
      at Object.<anonymous> 
(src/tests/application/inventory/ConfigureInventoryFinancialIntegrationUseCase.test.ts:203:17)

FAIL src/tests/architecture/AccountingBoundary.test.ts
  ● Architecture guard: accounting boundary › purchases/sales/inventory use-cases do not directly depend on 
voucher/ledger repositories

    expect(received).toEqual(expected) // deep equality

    - Expected  -  1
    + Received  + 14

    - Array []
    + Array [
    +   "application\\purchases\\use-cases\\PaymentSyncUseCases.ts: Direct IVoucherRepository dependency",
    +   "application\\purchases\\use-cases\\PaymentSyncUseCases.ts: Direct ILedgerRepository dependency",
    +   "application\\purchases\\use-cases\\PaymentSyncUseCases.ts: Direct voucherRepo usage",
    +   "application\\purchases\\use-cases\\PaymentSyncUseCases.ts: Direct ledgerRepo usage",
    +   "application\\purchases\\use-cases\\PurchaseInvoiceUseCases.ts: Direct IVoucherRepository dependency",
    +   "application\\purchases\\use-cases\\PurchaseInvoiceUseCases.ts: Direct ILedgerRepository dependency",
    +   "application\\sales\\use-cases\\PaymentSyncUseCases.ts: Direct IVoucherRepository dependency",
    +   "application\\sales\\use-cases\\PaymentSyncUseCases.ts: Direct ILedgerRepository dependency",
    +   "application\\sales\\use-cases\\PaymentSyncUseCases.ts: Direct voucherRepo usage",
    +   "application\\sales\\use-cases\\PaymentSyncUseCases.ts: Direct ledgerRepo usage",
    +   "application\\sales\\use-cases\\SalesInvoiceUseCases.ts: Direct IVoucherRepository dependency",
    +   "application\\sales\\use-cases\\SalesInvoiceUseCases.ts: Direct ILedgerRepository dependency",
    + ]

    [0m[0m

      at Object.<anonymous> (src/tests/architecture/AccountingBoundary.test.ts:81:28)

FAIL src/tests/application/ai-assistant/AiModelRoutingGuard.test.ts
  ● Test suite failed to run

    [96msrc/tests/application/ai-assistant/AiModelRoutingGuard.test.ts[0m:[93m19[0m:[93m7[0m - 
[91merror[0m[90m TS2420: [0mClass 'InMemoryCertificationRepo' incorrectly implements interface 
'IAiModelCertificationRepository'.
      Property 'expireByProfileAndCategory' is missing in type 'InMemoryCertificationRepo' but required in type 
'IAiModelCertificationRepository'.

    [7m19[0m class InMemoryCertificationRepo implements IAiModelCertificationRepository {
    [7m  [0m [91m      ~~~~~~~~~~~~~~~~~~~~~~~~~[0m

      [96msrc/repository/interfaces/ai-assistant/IAiModelCertificationRepository.ts[0m:[93m32[0m:[93m3[0m
        [7m32[0m   expireByProfileAndCategory(modelProfileId: string, category: AiCertificationCategory): 
Promise<number>;
        [7m  [0m [96m  
~~~~~~~~~~~~~~~~~~~~~~~~~~~~~~~~~~~~~~~~~~~~~~~~~~~~~~~~~~~~~~~~~~~~~~~~~~~~~~~~~~~~~~~~~~~~~~~~~~~~~~~[0m
        'expireByProfileAndCategory' is declared here.
    [96msrc/tests/application/ai-assistant/AiModelRoutingGuard.test.ts[0m:[93m107[0m:[93m50[0m - 
[91merror[0m[90m TS2345: [0mArgument of type 'InMemoryCertificationRepo' is not assignable to parameter of type 
'IAiModelCertificationRepository'.
      Property 'expireByProfileAndCategory' is missing in type 'InMemoryCertificationRepo' but required in type 
'IAiModelCertificationRepository'.

    [7m107[0m     guard = new AiModelRoutingGuard(profileRepo, certRepo);
    [7m   [0m [91m                                                 ~~~~~~~~[0m

      [96msrc/repository/interfaces/ai-assistant/IAiModelCertificationRepository.ts[0m:[93m32[0m:[93m3[0m
        [7m32[0m   expireByProfileAndCategory(modelProfileId: string, category: AiCertificationCategory): 
Promise<number>;
        [7m  [0m [96m  
~~~~~~~~~~~~~~~~~~~~~~~~~~~~~~~~~~~~~~~~~~~~~~~~~~~~~~~~~~~~~~~~~~~~~~~~~~~~~~~~~~~~~~~~~~~~~~~~~~~~~~~[0m
        'expireByProfileAndCategory' is declared here.

FAIL src/tests/application/ai-assistant/AiModelCertificationUseCase.test.ts
  ● Test suite failed to run

    [96msrc/tests/application/ai-assistant/AiModelCertificationUseCase.test.ts[0m:[93m19[0m:[93m7[0m - 
[91merror[0m[90m TS2420: [0mClass 'InMemoryCertificationRepo' incorrectly implements interface 
'IAiModelCertificationRepository'.
      Property 'expireByProfileAndCategory' is missing in type 'InMemoryCertificationRepo' but required in type 
'IAiModelCertificationRepository'.

    [7m19[0m class InMemoryCertificationRepo implements IAiModelCertificationRepository {
    [7m  [0m [91m      ~~~~~~~~~~~~~~~~~~~~~~~~~[0m

      [96msrc/repository/interfaces/ai-assistant/IAiModelCertificationRepository.ts[0m:[93m32[0m:[93m3[0m
        [7m32[0m   expireByProfileAndCategory(modelProfileId: string, category: AiCertificationCategory): 
Promise<number>;
        [7m  [0m [96m  
~~~~~~~~~~~~~~~~~~~~~~~~~~~~~~~~~~~~~~~~~~~~~~~~~~~~~~~~~~~~~~~~~~~~~~~~~~~~~~~~~~~~~~~~~~~~~~~~~~~~~~~[0m
        'expireByProfileAndCategory' is declared here.
    [96msrc/tests/application/ai-assistant/AiModelCertificationUseCase.test.ts[0m:[93m88[0m:[93m60[0m - 
[91merror[0m[90m TS2345: [0mArgument of type 'InMemoryCertificationRepo' is not assignable to parameter of type 
'IAiModelCertificationRepository'.
      Property 'expireByProfileAndCategory' is missing in type 'InMemoryCertificationRepo' but required in type 
'IAiModelCertificationRepository'.

    [7m88[0m     useCase = new AiModelCertificationUseCase(profileRepo, certRepo);
    [7m  [0m [91m                                                           ~~~~~~~~[0m

      [96msrc/repository/interfaces/ai-assistant/IAiModelCertificationRepository.ts[0m:[93m32[0m:[93m3[0m
        [7m32[0m   expireByProfileAndCategory(modelProfileId: string, category: AiCertificationCategory): 
Promise<number>;
        [7m  [0m [96m  
~~~~~~~~~~~~~~~~~~~~~~~~~~~~~~~~~~~~~~~~~~~~~~~~~~~~~~~~~~~~~~~~~~~~~~~~~~~~~~~~~~~~~~~~~~~~~~~~~~~~~~~[0m
        'expireByProfileAndCategory' is declared here.


Test Suites: 6 failed, 95 passed, 101 total
Tests:       10 failed, 901 passed, 911 total
Snapshots:   0 total
Time:        23.097 s, estimated 29 s
Ran all test suites.
